// Jest Snapshot v1, https://goo.gl/fbAQLP

exports[`TableHeader renders correctly 1`] = `
<th
  className="sorting-header"
  onClick={[Function]}
>
  <span
    className="pull-left"
  />
  <span
    className="pull-right glyphicon glyphicon-triangle-top"
  />
</th>
`;
