// Jest Snapshot v1, https://goo.gl/fbAQLP

exports[`Table renders correctly 1`] = `
<table
  className="table"
>
  <thead>
    <tr>
      <th
        className="sorting-header"
        onClick={[Function]}
      >
        <span
          className="pull-left"
        >
          Resource Type
        </span>
        <span
          className="pull-right glyphicon glyphicon-triangle-top"
        />
      </th>
      <th
        className="sorting-header"
        onClick={[Function]}
      >
        <span
          className="pull-left"
        >
          Display Title
        </span>
      </th>
      <th
        className="sorting-header"
        onClick={[Function]}
      >
        <span
          className="pull-left"
        >
          Media Type
        </span>
      </th>
      <th
        className="sorting-header"
        onClick={[Function]}
      >
        <span
          className="pull-left"
        >
          Language
        </span>
      </th>
      <th
        className="sorting-header"
        onClick={[Function]}
      >
        <span
          className="pull-left"
        >
          Details
        </span>
      </th>
    </tr>
  </thead>
  <tbody>
    <tr>
      <td>
        Agile
      </td>
      <td>
        Agile Development
      </td>
      <td>
        flash
      </td>
      <td>
        en-us
      </td>
      <td>
        <a
          href="/record/2166"
          onClick={[Function]}
        >
          <span>
            View
          </span>
        </a>
      </td>
    </tr>
    <tr>
      <td>
        Agile
      </td>
      <td>
        Scrum
      </td>
      <td>
        flash
      </td>
      <td>
        en-us
      </td>
      <td>
        <a
          href="/record/1401"
          onClick={[Function]}
        >
          <span>
            View
          </span>
        </a>
      </td>
    </tr>
    <tr>
      <td>
        Agile
      </td>
      <td>
        Test Driven Development
      </td>
      <td>
        pdf
      </td>
      <td>
        en-us
      </td>
      <td>
        n/a
      </td>
    </tr>
    <tr>
      <td>
        Programming
      </td>
      <td>
        My Adventures in CSS
      </td>
      <td>
        html
      </td>
      <td>
        en-us
      </td>
      <td>
        <a
          href="/record/2133"
          onClick={[Function]}
        >
          <span>
            View
          </span>
        </a>
      </td>
    </tr>
    <tr>
      <td>
        Programming
      </td>
      <td>
        My Adventures in JavaScript
      </td>
      <td>
        flash
      </td>
      <td>
        en-us
      </td>
      <td>
        <a
          href="/record/2189"
          onClick={[Function]}
        >
          <span>
            View
          </span>
        </a>
      </td>
    </tr>
  </tbody>
</table>
`;
